{
  "version": "1.5.0",
  "plugins_used": [
    {
      "name": "ArtifactoryDetector"
    },
    {
      "name": "AWSKeyDetector"
    },
    {
      "name": "AzureStorageKeyDetector"
    },
    {
      "name": "Base64HighEntropyString",
      "limit": 4.5
    },
    {
      "name": "BasicAuthDetector"
    },
    {
      "name": "CloudantDetector"
    },
    {
      "name": "DiscordBotTokenDetector"
    },
    {
      "name": "GitHubTokenDetector"
    },
    {
      "name": "GitLabTokenDetector"
    },
    {
      "name": "HexHighEntropyString",
      "limit": 3.0
    },
    {
      "name": "IbmCloudIamDetector"
    },
    {
      "name": "IbmCosHmacDetector"
    },
    {
      "name": "IPPublicDetector"
    },
    {
      "name": "JwtTokenDetector"
    },
    {
      "name": "KeywordDetector",
      "keyword_exclude": ""
    },
    {
      "name": "MailchimpDetector"
    },
    {
      "name": "NpmDetector"
    },
    {
      "name": "OpenAIDetector"
    },
    {
      "name": "PrivateKeyDetector"
    },
    {
      "name": "PypiTokenDetector"
    },
    {
      "name": "SendGridDetector"
    },
    {
      "name": "SlackDetector"
    },
    {
      "name": "SoftlayerDetector"
    },
    {
      "name": "SquareOAuthDetector"
    },
    {
      "name": "StripeDetector"
    },
    {
      "name": "TelegramBotTokenDetector"
    },
    {
      "name": "TwilioKeyDetector"
    }
  ],
  "filters_used": [
    {
      "path": "detect_secrets.filters.allowlist.is_line_allowlisted"
    },
    {
      "path": "detect_secrets.filters.common.is_baseline_file",
      "filename": ".secrets.baseline"
    },
    {
      "path": "detect_secrets.filters.common.is_ignored_due_to_verification_policies",
      "min_level": 2
    },
    {
      "path": "detect_secrets.filters.heuristic.is_indirect_reference"
    },
    {
      "path": "detect_secrets.filters.heuristic.is_likely_id_string"
    },
    {
      "path": "detect_secrets.filters.heuristic.is_lock_file"
    },
    {
      "path": "detect_secrets.filters.heuristic.is_not_alphanumeric_string"
    },
    {
      "path": "detect_secrets.filters.heuristic.is_potential_uuid"
    },
    {
      "path": "detect_secrets.filters.heuristic.is_prefixed_with_dollar_sign"
    },
    {
      "path": "detect_secrets.filters.heuristic.is_sequential_string"
    },
    {
      "path": "detect_secrets.filters.heuristic.is_swagger_file"
    },
    {
      "path": "detect_secrets.filters.heuristic.is_templated_secret"
    },
    {
      "path": "detect_secrets.filters.regex.should_exclude_file",
      "pattern": [
        "\\.beads/",
        "\\.sisyphus/",
        "\\.claude/skills/",
        "\\.claude/reviews/",
        "\\.specify/",
        "tests/fixtures/",
        "docs/reference/",
        "\\.secrets\\.baseline"
      ]
    }
  ],
  "results": {
    "benchmarks/test_tracing_perf.py": [
      {
        "type": "Basic Auth Credentials",
        "filename": "benchmarks/test_tracing_perf.py",
        "hashed_secret": "5baa61e4c9b93f3f0682250b6cf8331b7ee68fd8",
        "is_verified": false,
        "line_number": 140,
        "is_secret": false
      }
    ],
    "charts/cognee-platform/charts/cognee-api/values.yaml": [
      {
        "type": "Secret Keyword",
        "filename": "charts/cognee-platform/charts/cognee-api/values.yaml",
        "hashed_secret": "8be143ab8102b5e7806201d0a8f20be1a8070240",
        "is_verified": false,
        "line_number": 86,
        "is_secret": false
      },
      {
        "type": "Secret Keyword",
        "filename": "charts/cognee-platform/charts/cognee-api/values.yaml",
        "hashed_secret": "505032eaf8a3acf9b094a326dfb1cd0537c75a0d",
        "is_verified": false,
        "line_number": 87,
        "is_secret": false
      },
      {
        "type": "Secret Keyword",
        "filename": "charts/cognee-platform/charts/cognee-api/values.yaml",
        "hashed_secret": "5baa61e4c9b93f3f0682250b6cf8331b7ee68fd8",
        "is_verified": false,
        "line_number": 104,
        "is_secret": false
      },
      {
        "type": "Secret Keyword",
        "filename": "charts/cognee-platform/charts/cognee-api/values.yaml",
        "hashed_secret": "64e8fded93128629601349b38bb56d72e5718c47",
        "is_verified": false,
        "line_number": 110,
        "is_secret": false
      },
      {
        "type": "Secret Keyword",
        "filename": "charts/cognee-platform/charts/cognee-api/values.yaml",
        "hashed_secret": "791f555154b20a7dc3875e1d0cd4b63c3b536c53",
        "is_verified": false,
        "line_number": 117,
        "is_secret": false
      }
    ],
    "charts/cognee-platform/templates/external-secrets.yaml": [
      {
        "type": "Secret Keyword",
        "filename": "charts/cognee-platform/templates/external-secrets.yaml",
        "hashed_secret": "a17c9aaa61e80a1bf71d0d850af4e5baa9800bbd",
        "is_verified": false,
        "line_number": 27,
        "is_secret": false
      }
    ],
    "charts/cognee-platform/values-production.yaml": [
      {
        "type": "Secret Keyword",
        "filename": "charts/cognee-platform/values-production.yaml",
        "hashed_secret": "7bb061c5e5e2ae34882300f5a4c21e1927a2495f",
        "is_verified": false,
        "line_number": 14,
        "is_secret": false
      },
      {
        "type": "Secret Keyword",
        "filename": "charts/cognee-platform/values-production.yaml",
        "hashed_secret": "5baa61e4c9b93f3f0682250b6cf8331b7ee68fd8",
        "is_verified": false,
        "line_number": 17,
        "is_secret": false
      },
      {
        "type": "Secret Keyword",
        "filename": "charts/cognee-platform/values-production.yaml",
        "hashed_secret": "791f555154b20a7dc3875e1d0cd4b63c3b536c53",
        "is_verified": false,
        "line_number": 23,
        "is_secret": false
      },
      {
        "type": "Secret Keyword",
        "filename": "charts/cognee-platform/values-production.yaml",
        "hashed_secret": "ee2ec3dce6aaf164066763cbc4c69d2b20b09253",
        "is_verified": false,
        "line_number": 54,
        "is_secret": false
      }
    ],
    "charts/cognee-platform/values.yaml": [
      {
        "type": "Secret Keyword",
        "filename": "charts/cognee-platform/values.yaml",
        "hashed_secret": "5baa61e4c9b93f3f0682250b6cf8331b7ee68fd8",
        "is_verified": false,
        "line_number": 26,
        "is_secret": false
      },
      {
        "type": "Secret Keyword",
        "filename": "charts/cognee-platform/values.yaml",
        "hashed_secret": "8be143ab8102b5e7806201d0a8f20be1a8070240",
        "is_verified": false,
        "line_number": 76,
        "is_secret": false
      },
      {
        "type": "Secret Keyword",
        "filename": "charts/cognee-platform/values.yaml",
        "hashed_secret": "505032eaf8a3acf9b094a326dfb1cd0537c75a0d",
        "is_verified": false,
        "line_number": 77,
        "is_secret": false
      },
      {
        "type": "Secret Keyword",
        "filename": "charts/cognee-platform/values.yaml",
        "hashed_secret": "64e8fded93128629601349b38bb56d72e5718c47",
        "is_verified": false,
        "line_number": 119,
        "is_secret": false
      },
      {
        "type": "Secret Keyword",
        "filename": "charts/cognee-platform/values.yaml",
        "hashed_secret": "791f555154b20a7dc3875e1d0cd4b63c3b536c53",
        "is_verified": false,
        "line_number": 130,
        "is_secret": false
      }
    ],
    "charts/floe-jobs/values-test.yaml": [
      {
        "type": "Secret Keyword",
        "filename": "charts/floe-jobs/values-test.yaml",
        "hashed_secret": "edbd79e64b15105cdaa27fb7efd3c3e054eac138",
        "is_verified": false,
        "line_number": 109,
        "is_secret": false
      }
    ],
    "charts/floe-platform/templates/externalsecret.yaml": [
      {
        "type": "Secret Keyword",
        "filename": "charts/floe-platform/templates/externalsecret.yaml",
        "hashed_secret": "5baa61e4c9b93f3f0682250b6cf8331b7ee68fd8",
        "is_verified": false,
        "line_number": 91,
        "is_secret": false
      },
      {
        "type": "Secret Keyword",
        "filename": "charts/floe-platform/templates/externalsecret.yaml",
        "hashed_secret": "351c94864902301a8a3f2b052230ea98003b87f6",
        "is_verified": false,
        "line_number": 114,
        "is_secret": false
      },
      {
        "type": "Secret Keyword",
        "filename": "charts/floe-platform/templates/externalsecret.yaml",
        "hashed_secret": "be1ec2bc9b9735be8fc708736e8e74a5bd46af75",
        "is_verified": false,
        "line_number": 118,
        "is_secret": false
      }
    ],
    "charts/floe-platform/templates/secret-dagster.yaml": [
      {
        "type": "Basic Auth Credentials",
        "filename": "charts/floe-platform/templates/secret-dagster.yaml",
        "hashed_secret": "347cd9c53ff77d41a7b22aa56c7b4efaf54658e3",
        "is_verified": false,
        "line_number": 36,
        "is_secret": false
      }
    ],
    "charts/floe-platform/templates/secret-postgresql.yaml": [
      {
        "type": "Basic Auth Credentials",
        "filename": "charts/floe-platform/templates/secret-postgresql.yaml",
        "hashed_secret": "347cd9c53ff77d41a7b22aa56c7b4efaf54658e3",
        "is_verified": false,
        "line_number": 16,
        "is_secret": false
      }
    ],
    "charts/floe-platform/values-dev.yaml": [
      {
        "type": "Secret Keyword",
        "filename": "charts/floe-platform/values-dev.yaml",
        "hashed_secret": "0a5749dd1f6993e4554cda4365faca0279a6d799",
        "is_verified": false,
        "line_number": 113,
        "is_secret": false
      },
      {
        "type": "Secret Keyword",
        "filename": "charts/floe-platform/values-dev.yaml",
        "hashed_secret": "c31214b965e638ef28f499e4ade09cd829a0d120",
        "is_verified": false,
        "line_number": 132,
        "is_secret": false
      }
    ],
    "charts/floe-platform/values-prod.yaml": [
      {
        "type": "Secret Keyword",
        "filename": "charts/floe-platform/values-prod.yaml",
        "hashed_secret": "b59fcabeefc541ac69de1590608279758227829a",
        "is_verified": false,
        "line_number": 171,
        "is_secret": false
      }
    ],
    "charts/floe-platform/values-staging.yaml": [
      {
        "type": "Secret Keyword",
        "filename": "charts/floe-platform/values-staging.yaml",
        "hashed_secret": "bd65c58ccee87d8f147ef00c145b66f783ca9fe1",
        "is_verified": false,
        "line_number": 161,
        "is_secret": false
      }
    ],
    "charts/floe-platform/values-test.yaml": [
      {
        "type": "Secret Keyword",
        "filename": "charts/floe-platform/values-test.yaml",
        "hashed_secret": "aba5c198c85f6db1ba50c03d307c49668785a63e",
        "is_verified": false,
        "line_number": 48,
        "is_secret": false
      },
      {
        "type": "Secret Keyword",
        "filename": "charts/floe-platform/values-test.yaml",
        "hashed_secret": "edbd79e64b15105cdaa27fb7efd3c3e054eac138",
        "is_verified": false,
        "line_number": 132,
        "is_secret": false
      }
    ],
    "charts/floe-platform/values.yaml": [
      {
        "type": "Secret Keyword",
        "filename": "charts/floe-platform/values.yaml",
        "hashed_secret": "068718a11c0d79ad179f9ca0f693e821b92fe105",
        "is_verified": false,
        "line_number": 113,
        "is_secret": false
      },
      {
        "type": "Secret Keyword",
        "filename": "charts/floe-platform/values.yaml",
        "hashed_secret": "d2a8d1ddfa75398366cff06545380c73481ec17d",
        "is_verified": false,
        "line_number": 176,
        "is_secret": false
      },
      {
        "type": "Secret Keyword",
        "filename": "charts/floe-platform/values.yaml",
        "hashed_secret": "5baa61e4c9b93f3f0682250b6cf8331b7ee68fd8",
        "is_verified": false,
        "line_number": 403,
        "is_secret": false
      }
    ],
    "devtools/agent-memory/tests/unit/test_git_diff.py": [
      {
        "type": "Hex High Entropy String",
        "filename": "devtools/agent-memory/tests/unit/test_git_diff.py",
        "hashed_secret": "b4c9248600a42f8c38c01b632f392dbcb4c7b19a",
        "is_verified": false,
        "line_number": 358,
        "is_secret": false
      }
    ],
    "devtools/agent-memory/tests/unit/test_mcp_config.py": [
      {
        "type": "Secret Keyword",
        "filename": "devtools/agent-memory/tests/unit/test_mcp_config.py",
        "hashed_secret": "ffc7b27c5ee452d6f8eb9d91972a62df55b48c3d",
        "is_verified": false,
        "line_number": 145,
        "is_secret": false
      },
      {
        "type": "Secret Keyword",
        "filename": "devtools/agent-memory/tests/unit/test_mcp_config.py",
        "hashed_secret": "aea372d1f68c6178842d008211bac4eb1754384d",
        "is_verified": false,
        "line_number": 146,
        "is_secret": false
      }
    ],
    "docs/architecture/adr/0001-cube-semantic-layer.md": [
      {
        "type": "Secret Keyword",
        "filename": "docs/architecture/adr/0001-cube-semantic-layer.md",
        "hashed_secret": "666cc89886160a6301de760bf374326531392c6d",
        "is_verified": false,
        "line_number": 144,
        "is_secret": false
      }
    ],
    "docs/architecture/adr/0036-storage-plugin-interface.md": [
      {
        "type": "Secret Keyword",
        "filename": "docs/architecture/adr/0036-storage-plugin-interface.md",
        "hashed_secret": "bc565f6e909ec7d3c18e2ff5d9eeb2300ff20b7f",
        "is_verified": false,
        "line_number": 226,
        "is_secret": false
      }
    ],
    "docs/guides/03-solution-strategy.md": [
      {
        "type": "Secret Keyword",
        "filename": "docs/guides/03-solution-strategy.md",
        "hashed_secret": "666cc89886160a6301de760bf374326531392c6d",
        "is_verified": false,
        "line_number": 564,
        "is_secret": false
      }
    ],
    "docs/guides/07-crosscutting.md": [
      {
        "type": "Secret Keyword",
        "filename": "docs/guides/07-crosscutting.md",
        "hashed_secret": "e5e9fa1ba31ecd1ae84f75caaa474f3a663f05f4",
        "is_verified": false,
        "line_number": 338,
        "is_secret": false
      }
    ],
    "docs/guides/deployment/kubernetes-helm.md": [
      {
        "type": "Secret Keyword",
        "filename": "docs/guides/deployment/kubernetes-helm.md",
        "hashed_secret": "e5e9fa1ba31ecd1ae84f75caaa474f3a663f05f4",
        "is_verified": false,
        "line_number": 242,
        "is_secret": false
      }
    ],
    "docs/requirements/05-security-access-control/03-credential-vending.md": [
      {
        "type": "Secret Keyword",
        "filename": "docs/requirements/05-security-access-control/03-credential-vending.md",
        "hashed_secret": "2b743ea5699560665032496d957cd8c0075029d5",
        "is_verified": false,
        "line_number": 223,
        "is_secret": false
      },
      {
        "type": "Secret Keyword",
        "filename": "docs/requirements/05-security-access-control/03-credential-vending.md",
        "hashed_secret": "ec3810e10fb78db55ce38b9c18d1c3eb1db739e0",
        "is_verified": false,
        "line_number": 224,
        "is_secret": false
      }
    ],
    "packages/floe-core/src/floe_core/audit/decorator.py": [
      {
        "type": "Secret Keyword",
        "filename": "packages/floe-core/src/floe_core/audit/decorator.py",
        "hashed_secret": "a62f2225bf70bfaccbc7f1ef2a397836717377de",
        "is_verified": false,
        "line_number": 73,
        "is_secret": false
      }
    ],
    "packages/floe-core/src/floe_core/oci/auth.py": [
      {
        "type": "Secret Keyword",
        "filename": "packages/floe-core/src/floe_core/oci/auth.py",
        "hashed_secret": "9d4e1e23bd5b727046a9e3b4b7db57bd8d6ee684",
        "is_verified": false,
        "line_number": 89,
        "is_secret": false
      },
      {
        "type": "Secret Keyword",
        "filename": "packages/floe-core/src/floe_core/oci/auth.py",
        "hashed_secret": "06b7a503d840c46dd0e56ce5de1163591e884f4b",
        "is_verified": false,
        "line_number": 190,
        "is_secret": false
      },
      {
        "type": "Secret Keyword",
        "filename": "packages/floe-core/src/floe_core/oci/auth.py",
        "hashed_secret": "9be7d302cbea6a2dc0b1b7c1df54d238a447dd0e",
        "is_verified": false,
        "line_number": 287,
        "is_secret": false
      }
    ],
    "packages/floe-core/src/floe_core/plugin_types.py": [
      {
        "type": "Secret Keyword",
        "filename": "packages/floe-core/src/floe_core/plugin_types.py",
        "hashed_secret": "e0448ae6bf5fca0e25ec0a12bdb72f53aab455fe",
        "is_verified": false,
        "line_number": 56,
        "is_secret": false
      }
    ],
    "packages/floe-core/src/floe_core/plugins/identity.py": [
      {
        "type": "Secret Keyword",
        "filename": "packages/floe-core/src/floe_core/plugins/identity.py",
        "hashed_secret": "f2b14f68eb995facb3a1c35287b778d5bd785511",
        "is_verified": false,
        "line_number": 172,
        "is_secret": false
      }
    ],
    "packages/floe-core/src/floe_core/plugins/secrets.py": [
      {
        "type": "Secret Keyword",
        "filename": "packages/floe-core/src/floe_core/plugins/secrets.py",
        "hashed_secret": "f2b14f68eb995facb3a1c35287b778d5bd785511",
        "is_verified": false,
        "line_number": 182,
        "is_secret": false
      }
    ],
    "packages/floe-core/src/floe_core/schemas/audit.py": [
      {
        "type": "Secret Keyword",
        "filename": "packages/floe-core/src/floe_core/schemas/audit.py",
        "hashed_secret": "fdb636c78ae7010a7f8ba5fb404902b0d8db9285",
        "is_verified": false,
        "line_number": 92,
        "is_secret": false
      },
      {
        "type": "Secret Keyword",
        "filename": "packages/floe-core/src/floe_core/schemas/audit.py",
        "hashed_secret": "859b12bf3dd7324efeba8ea244287bfad52ab6f6",
        "is_verified": false,
        "line_number": 109,
        "is_secret": false
      }
    ],
    "packages/floe-core/src/floe_core/schemas/floe_spec.py": [
      {
        "type": "Secret Keyword",
        "filename": "packages/floe-core/src/floe_core/schemas/floe_spec.py",
        "hashed_secret": "66ae900626c4ce4080729e2e089af11c318e533d",
        "is_verified": false,
        "line_number": 493,
        "is_secret": false
      }
    ],
    "packages/floe-core/src/floe_core/schemas/plugins.py": [
      {
        "type": "Secret Keyword",
        "filename": "packages/floe-core/src/floe_core/schemas/plugins.py",
        "hashed_secret": "c61359d8bcafdad86f6bbfc056dd09b577c3a7bd",
        "is_verified": false,
        "line_number": 144,
        "is_secret": false
      },
      {
        "type": "Secret Keyword",
        "filename": "packages/floe-core/src/floe_core/schemas/plugins.py",
        "hashed_secret": "9aa8331888ecfb20b4178d0047f6fa2e17569f8f",
        "is_verified": false,
        "line_number": 173,
        "is_secret": false
      }
    ],
    "packages/floe-core/src/floe_core/schemas/rbac_validation.py": [
      {
        "type": "Secret Keyword",
        "filename": "packages/floe-core/src/floe_core/schemas/rbac_validation.py",
        "hashed_secret": "0851627cd6964023ef140eca23af98587a6406e6",
        "is_verified": false,
        "line_number": 82,
        "is_secret": false
      }
    ],
    "packages/floe-core/src/floe_core/schemas/secrets.py": [
      {
        "type": "Secret Keyword",
        "filename": "packages/floe-core/src/floe_core/schemas/secrets.py",
        "hashed_secret": "4d26b34fa28f6e91a191c88ba3d4e1419d68fdc1",
        "is_verified": false,
        "line_number": 62,
        "is_secret": false
      },
      {
        "type": "Secret Keyword",
        "filename": "packages/floe-core/src/floe_core/schemas/secrets.py",
        "hashed_secret": "f2b14f68eb995facb3a1c35287b778d5bd785511",
        "is_verified": false,
        "line_number": 314,
        "is_secret": false
      }
    ],
    "packages/floe-core/src/floe_core/telemetry/sanitization.py": [
      {
        "type": "Basic Auth Credentials",
        "filename": "packages/floe-core/src/floe_core/telemetry/sanitization.py",
        "hashed_secret": "9d4e1e23bd5b727046a9e3b4b7db57bd8d6ee684",
        "is_verified": false,
        "line_number": 40,
        "is_secret": false
      }
    ],
    "packages/floe-core/tests/contract/test_plugin_abc_contract.py": [
      {
        "type": "Secret Keyword",
        "filename": "packages/floe-core/tests/contract/test_plugin_abc_contract.py",
        "hashed_secret": "e0448ae6bf5fca0e25ec0a12bdb72f53aab455fe",
        "is_verified": false,
        "line_number": 347,
        "is_secret": false
      }
    ],
    "packages/floe-core/tests/integration/contracts/monitoring/conftest.py": [
      {
        "type": "Basic Auth Credentials",
        "filename": "packages/floe-core/tests/integration/contracts/monitoring/conftest.py",
        "hashed_secret": "afc848c316af1a89d49826c5ae9d00ed769415f3",
        "is_verified": false,
        "line_number": 49,
        "is_secret": false
      }
    ],
    "packages/floe-core/tests/integration/oci/conftest.py": [
      {
        "type": "Secret Keyword",
        "filename": "packages/floe-core/tests/integration/oci/conftest.py",
        "hashed_secret": "6eb67d95dba1a614971e31e78146d44bd4a3ada3",
        "is_verified": false,
        "line_number": 360,
        "is_secret": false
      }
    ],
    "packages/floe-core/tests/unit/cli/test_artifact_inspect.py": [
      {
        "type": "Secret Keyword",
        "filename": "packages/floe-core/tests/unit/cli/test_artifact_inspect.py",
        "hashed_secret": "9d4e1e23bd5b727046a9e3b4b7db57bd8d6ee684",
        "is_verified": false,
        "line_number": 1049,
        "is_secret": false
      }
    ],
    "packages/floe-core/tests/unit/cli/test_artifact_push.py": [
      {
        "type": "Secret Keyword",
        "filename": "packages/floe-core/tests/unit/cli/test_artifact_push.py",
        "hashed_secret": "206c80413b9a96c1312cc346b7d2517b84463edd",
        "is_verified": false,
        "line_number": 285,
        "is_secret": false
      }
    ],
    "packages/floe-core/tests/unit/cli/test_artifact_sign.py": [
      {
        "type": "Secret Keyword",
        "filename": "packages/floe-core/tests/unit/cli/test_artifact_sign.py",
        "hashed_secret": "206c80413b9a96c1312cc346b7d2517b84463edd",
        "is_verified": false,
        "line_number": 494,
        "is_secret": false
      },
      {
        "type": "AWS Access Key",
        "filename": "packages/floe-core/tests/unit/cli/test_artifact_sign.py",
        "hashed_secret": "25910f981e85ca04baf359199dd0bd4a3ae738b6",
        "is_verified": false,
        "line_number": 545,
        "is_secret": false
      },
      {
        "type": "Secret Keyword",
        "filename": "packages/floe-core/tests/unit/cli/test_artifact_sign.py",
        "hashed_secret": "9d4e1e23bd5b727046a9e3b4b7db57bd8d6ee684",
        "is_verified": false,
        "line_number": 597,
        "is_secret": false
      },
      {
        "type": "Hex High Entropy String",
        "filename": "packages/floe-core/tests/unit/cli/test_artifact_sign.py",
        "hashed_secret": "90bd1b48e958257948487b90bee080ba5ed00caa",
        "is_verified": false,
        "line_number": 627,
        "is_secret": false
      }
    ],
    "packages/floe-core/tests/unit/cli/test_artifact_verify.py": [
      {
        "type": "Secret Keyword",
        "filename": "packages/floe-core/tests/unit/cli/test_artifact_verify.py",
        "hashed_secret": "206c80413b9a96c1312cc346b7d2517b84463edd",
        "is_verified": false,
        "line_number": 1317,
        "is_secret": false
      }
    ],
    "packages/floe-core/tests/unit/governance/test_secrets.py": [
      {
        "type": "AWS Access Key",
        "filename": "packages/floe-core/tests/unit/governance/test_secrets.py",
        "hashed_secret": "25910f981e85ca04baf359199dd0bd4a3ae738b6",
        "is_verified": false,
        "line_number": 62,
        "is_secret": false
      },
      {
        "type": "Secret Keyword",
        "filename": "packages/floe-core/tests/unit/governance/test_secrets.py",
        "hashed_secret": "0b50c0af10ce7b16cb8e58013e8fbb8f20068d5c",
        "is_verified": false,
        "line_number": 109,
        "is_secret": false
      },
      {
        "type": "Secret Keyword",
        "filename": "packages/floe-core/tests/unit/governance/test_secrets.py",
        "hashed_secret": "9dbba7e9937ff182516402936c738e1f013fc24c",
        "is_verified": false,
        "line_number": 145,
        "is_secret": false
      }
    ],
    "packages/floe-core/tests/unit/oci/test_attestation.py": [
      {
        "type": "Hex High Entropy String",
        "filename": "packages/floe-core/tests/unit/oci/test_attestation.py",
        "hashed_secret": "90bd1b48e958257948487b90bee080ba5ed00caa",
        "is_verified": false,
        "line_number": 76,
        "is_secret": false
      }
    ],
    "packages/floe-core/tests/unit/oci/test_auth.py": [
      {
        "type": "Secret Keyword",
        "filename": "packages/floe-core/tests/unit/oci/test_auth.py",
        "hashed_secret": "06b7a503d840c46dd0e56ce5de1163591e884f4b",
        "is_verified": false,
        "line_number": 50,
        "is_secret": false
      },
      {
        "type": "Secret Keyword",
        "filename": "packages/floe-core/tests/unit/oci/test_auth.py",
        "hashed_secret": "9d4e1e23bd5b727046a9e3b4b7db57bd8d6ee684",
        "is_verified": false,
        "line_number": 76,
        "is_secret": false
      },
      {
        "type": "Secret Keyword",
        "filename": "packages/floe-core/tests/unit/oci/test_auth.py",
        "hashed_secret": "49568690e3778497671beb117ceecc48e01cdd4c",
        "is_verified": false,
        "line_number": 82,
        "is_secret": false
      },
      {
        "type": "Secret Keyword",
        "filename": "packages/floe-core/tests/unit/oci/test_auth.py",
        "hashed_secret": "9be7d302cbea6a2dc0b1b7c1df54d238a447dd0e",
        "is_verified": false,
        "line_number": 198,
        "is_secret": false
      },
      {
        "type": "Secret Keyword",
        "filename": "packages/floe-core/tests/unit/oci/test_auth.py",
        "hashed_secret": "c669967bfd4f37693d20b4a307ec5d43de91c561",
        "is_verified": false,
        "line_number": 224,
        "is_secret": false
      }
    ],
    "packages/floe-core/tests/unit/oci/test_client.py": [
      {
        "type": "Secret Keyword",
        "filename": "packages/floe-core/tests/unit/oci/test_client.py",
        "hashed_secret": "789cbe0407840b1c2041cb33452ff60f19bf58cc",
        "is_verified": false,
        "line_number": 192,
        "is_secret": false
      }
    ],
    "packages/floe-core/tests/unit/oci/test_pull_golden.py": [
      {
        "type": "Secret Keyword",
        "filename": "packages/floe-core/tests/unit/oci/test_pull_golden.py",
        "hashed_secret": "f444e53482eaafc67967c488b2c224fa501d8d68",
        "is_verified": false,
        "line_number": 278,
        "is_secret": false
      }
    ],
    "packages/floe-core/tests/unit/oci/test_signing.py": [
      {
        "type": "Private Key",
        "filename": "packages/floe-core/tests/unit/oci/test_signing.py",
        "hashed_secret": "1348b145fa1a555461c1b790a2f66614781091e9",
        "is_verified": false,
        "line_number": 573,
        "is_secret": false
      }
    ],
    "packages/floe-core/tests/unit/plugins/test_catalog_abc.py": [
      {
        "type": "Secret Keyword",
        "filename": "packages/floe-core/tests/unit/plugins/test_catalog_abc.py",
        "hashed_secret": "475e81e79c7880f9b5caa35bec50279c459ad2f9",
        "is_verified": false,
        "line_number": 95,
        "is_secret": false
      }
    ],
    "packages/floe-core/tests/unit/schemas/test_floe_spec.py": [
      {
        "type": "Secret Keyword",
        "filename": "packages/floe-core/tests/unit/schemas/test_floe_spec.py",
        "hashed_secret": "e5e9fa1ba31ecd1ae84f75caaa474f3a663f05f4",
        "is_verified": false,
        "line_number": 301,
        "is_secret": false
      }
    ],
    "packages/floe-core/tests/unit/schemas/test_manifest.py": [
      {
        "type": "Secret Keyword",
        "filename": "packages/floe-core/tests/unit/schemas/test_manifest.py",
        "hashed_secret": "9aa8331888ecfb20b4178d0047f6fa2e17569f8f",
        "is_verified": false,
        "line_number": 597,
        "is_secret": false
      }
    ],
    "packages/floe-core/tests/unit/schemas/test_plugins.py": [
      {
        "type": "Secret Keyword",
        "filename": "packages/floe-core/tests/unit/schemas/test_plugins.py",
        "hashed_secret": "9aa8331888ecfb20b4178d0047f6fa2e17569f8f",
        "is_verified": false,
        "line_number": 59,
        "is_secret": false
      },
      {
        "type": "Secret Keyword",
        "filename": "packages/floe-core/tests/unit/schemas/test_plugins.py",
        "hashed_secret": "0ec4a544097477ac82f1a3630d5059ed46c95f69",
        "is_verified": false,
        "line_number": 481,
        "is_secret": false
      },
      {
        "type": "Secret Keyword",
        "filename": "packages/floe-core/tests/unit/schemas/test_plugins.py",
        "hashed_secret": "403053a880d1b12e7e5fcb3d8d1d8f0ced4e988f",
        "is_verified": false,
        "line_number": 487,
        "is_secret": false
      }
    ],
    "packages/floe-core/tests/unit/schemas/test_secrets.py": [
      {
        "type": "Secret Keyword",
        "filename": "packages/floe-core/tests/unit/schemas/test_secrets.py",
        "hashed_secret": "9aa8331888ecfb20b4178d0047f6fa2e17569f8f",
        "is_verified": false,
        "line_number": 209,
        "is_secret": false
      },
      {
        "type": "Secret Keyword",
        "filename": "packages/floe-core/tests/unit/schemas/test_secrets.py",
        "hashed_secret": "eabbec6f31804eb968e2faeaaef150546a595fc3",
        "is_verified": false,
        "line_number": 262,
        "is_secret": false
      },
      {
        "type": "Secret Keyword",
        "filename": "packages/floe-core/tests/unit/schemas/test_secrets.py",
        "hashed_secret": "6d28862eb860101014184aa2aa1f3d87d2e2fde4",
        "is_verified": false,
        "line_number": 375,
        "is_secret": false
      }
    ],
    "packages/floe-core/tests/unit/test_audit.py": [
      {
        "type": "Secret Keyword",
        "filename": "packages/floe-core/tests/unit/test_audit.py",
        "hashed_secret": "fdb636c78ae7010a7f8ba5fb404902b0d8db9285",
        "is_verified": false,
        "line_number": 85,
        "is_secret": false
      }
    ],
    "packages/floe-core/tests/unit/test_audit_decorator.py": [
      {
        "type": "Secret Keyword",
        "filename": "packages/floe-core/tests/unit/test_audit_decorator.py",
        "hashed_secret": "7875cece6721a517e5a07b61ef98a98dc7f9f329",
        "is_verified": false,
        "line_number": 169,
        "is_secret": false
      },
      {
        "type": "Secret Keyword",
        "filename": "packages/floe-core/tests/unit/test_audit_decorator.py",
        "hashed_secret": "6421dfe5510d328b2b2f39dd2d4c302da2980f8e",
        "is_verified": false,
        "line_number": 197,
        "is_secret": false
      },
      {
        "type": "Secret Keyword",
        "filename": "packages/floe-core/tests/unit/test_audit_decorator.py",
        "hashed_secret": "f05861f3e072021bda08543eb4cb53af4932e841",
        "is_verified": false,
        "line_number": 234,
        "is_secret": false
      },
      {
        "type": "Secret Keyword",
        "filename": "packages/floe-core/tests/unit/test_audit_decorator.py",
        "hashed_secret": "325778ab9d49a6df7bc13a83563bec2de2a84c95",
        "is_verified": false,
        "line_number": 247,
        "is_secret": false
      }
    ],
    "packages/floe-core/tests/unit/test_floe_spec_destinations.py": [
      {
        "type": "Secret Keyword",
        "filename": "packages/floe-core/tests/unit/test_floe_spec_destinations.py",
        "hashed_secret": "66ae900626c4ce4080729e2e089af11c318e533d",
        "is_verified": false,
        "line_number": 61,
        "is_secret": false
      },
      {
        "type": "Secret Keyword",
        "filename": "packages/floe-core/tests/unit/test_floe_spec_destinations.py",
        "hashed_secret": "37f38ae27adc6bd12c9cf7ffd136ba64742c7621",
        "is_verified": false,
        "line_number": 86,
        "is_secret": false
      }
    ],
    "packages/floe-core/tests/unit/test_telemetry/test_sanitization.py": [
      {
        "type": "Basic Auth Credentials",
        "filename": "packages/floe-core/tests/unit/test_telemetry/test_sanitization.py",
        "hashed_secret": "f2b14f68eb995facb3a1c35287b778d5bd785511",
        "is_verified": false,
        "line_number": 21,
        "is_secret": false
      },
      {
        "type": "AWS Access Key",
        "filename": "packages/floe-core/tests/unit/test_telemetry/test_sanitization.py",
        "hashed_secret": "25910f981e85ca04baf359199dd0bd4a3ae738b6",
        "is_verified": false,
        "line_number": 57,
        "is_secret": false
      },
      {
        "type": "Base64 High Entropy String",
        "filename": "packages/floe-core/tests/unit/test_telemetry/test_sanitization.py",
        "hashed_secret": "72709a000d0c63c6e36e95f126c6cc93ea123995",
        "is_verified": false,
        "line_number": 181,
        "is_secret": false
      },
      {
        "type": "AWS Access Key",
        "filename": "packages/floe-core/tests/unit/test_telemetry/test_sanitization.py",
        "hashed_secret": "08edde74ea3fec7c17b9bd4d23711eb0f4391171",
        "is_verified": false,
        "line_number": 191,
        "is_secret": false
      },
      {
        "type": "Basic Auth Credentials",
        "filename": "packages/floe-core/tests/unit/test_telemetry/test_sanitization.py",
        "hashed_secret": "aafdc23870ecbcd3d557b6423a8982134e17927e",
        "is_verified": false,
        "line_number": 206,
        "is_secret": false
      }
    ],
    "packages/floe-iceberg/tests/conftest.py": [
      {
        "type": "Secret Keyword",
        "filename": "packages/floe-iceberg/tests/conftest.py",
        "hashed_secret": "1931e5c5e78ae2290598cd0a742cea9de6e44334",
        "is_verified": false,
        "line_number": 322,
        "is_secret": false
      }
    ],
    "plugins/floe-alert-email/README.md": [
      {
        "type": "Secret Keyword",
        "filename": "plugins/floe-alert-email/README.md",
        "hashed_secret": "564e340cd48437d2dfe876ee154cc99dc4d0d137",
        "is_verified": false,
        "line_number": 24,
        "is_secret": false
      }
    ],
    "plugins/floe-catalog-polaris/src/floe_catalog_polaris/config.py": [
      {
        "type": "Secret Keyword",
        "filename": "plugins/floe-catalog-polaris/src/floe_catalog_polaris/config.py",
        "hashed_secret": "e5e9fa1ba31ecd1ae84f75caaa474f3a663f05f4",
        "is_verified": false,
        "line_number": 20,
        "is_secret": false
      },
      {
        "type": "Secret Keyword",
        "filename": "plugins/floe-catalog-polaris/src/floe_catalog_polaris/config.py",
        "hashed_secret": "4ea8d2335b430796cf3f500368c5b0f5b1dc90f5",
        "is_verified": false,
        "line_number": 58,
        "is_secret": false
      }
    ],
    "plugins/floe-catalog-polaris/src/floe_catalog_polaris/credentials.py": [
      {
        "type": "Secret Keyword",
        "filename": "plugins/floe-catalog-polaris/src/floe_catalog_polaris/credentials.py",
        "hashed_secret": "b18d172ff5235e5ff41e11fff391fd55a09dad2b",
        "is_verified": false,
        "line_number": 28,
        "is_secret": false
      },
      {
        "type": "Secret Keyword",
        "filename": "plugins/floe-catalog-polaris/src/floe_catalog_polaris/credentials.py",
        "hashed_secret": "e5e9fa1ba31ecd1ae84f75caaa474f3a663f05f4",
        "is_verified": false,
        "line_number": 184,
        "is_secret": false
      }
    ],
    "plugins/floe-catalog-polaris/src/floe_catalog_polaris/models.py": [
      {
        "type": "Base64 High Entropy String",
        "filename": "plugins/floe-catalog-polaris/src/floe_catalog_polaris/models.py",
        "hashed_secret": "d160cea2a26c62eaf08a2b0cd7c6cd36f95b0aba",
        "is_verified": false,
        "line_number": 183,
        "is_secret": false
      },
      {
        "type": "Secret Keyword",
        "filename": "plugins/floe-catalog-polaris/src/floe_catalog_polaris/models.py",
        "hashed_secret": "d160cea2a26c62eaf08a2b0cd7c6cd36f95b0aba",
        "is_verified": false,
        "line_number": 183,
        "is_secret": false
      }
    ],
    "plugins/floe-catalog-polaris/src/floe_catalog_polaris/plugin.py": [
      {
        "type": "Secret Keyword",
        "filename": "plugins/floe-catalog-polaris/src/floe_catalog_polaris/plugin.py",
        "hashed_secret": "e5e9fa1ba31ecd1ae84f75caaa474f3a663f05f4",
        "is_verified": false,
        "line_number": 14,
        "is_secret": false
      }
    ],
    "plugins/floe-catalog-polaris/src/floe_catalog_polaris/tracing.py": [
      {
        "type": "Basic Auth Credentials",
        "filename": "plugins/floe-catalog-polaris/src/floe_catalog_polaris/tracing.py",
        "hashed_secret": "9d4e1e23bd5b727046a9e3b4b7db57bd8d6ee684",
        "is_verified": false,
        "line_number": 153,
        "is_secret": false
      }
    ],
    "plugins/floe-catalog-polaris/tests/conftest.py": [
      {
        "type": "Secret Keyword",
        "filename": "plugins/floe-catalog-polaris/tests/conftest.py",
        "hashed_secret": "03f5e2d670af3e9183f3fe790785b0d41291a17d",
        "is_verified": false,
        "line_number": 53,
        "is_secret": false
      }
    ],
    "plugins/floe-catalog-polaris/tests/integration/test_discovery.py": [
      {
        "type": "Secret Keyword",
        "filename": "plugins/floe-catalog-polaris/tests/integration/test_discovery.py",
        "hashed_secret": "fe1bae27cb7c1fb823f496f286e78f1d2ae87734",
        "is_verified": false,
        "line_number": 64,
        "is_secret": false
      }
    ],
    "plugins/floe-catalog-polaris/tests/unit/test_config.py": [
      {
        "type": "Secret Keyword",
        "filename": "plugins/floe-catalog-polaris/tests/unit/test_config.py",
        "hashed_secret": "fe1bae27cb7c1fb823f496f286e78f1d2ae87734",
        "is_verified": false,
        "line_number": 27,
        "is_secret": false
      },
      {
        "type": "Secret Keyword",
        "filename": "plugins/floe-catalog-polaris/tests/unit/test_config.py",
        "hashed_secret": "c6074a378f5827b9b90f58db5f32dc5530179aef",
        "is_verified": false,
        "line_number": 171,
        "is_secret": false
      },
      {
        "type": "Secret Keyword",
        "filename": "plugins/floe-catalog-polaris/tests/unit/test_config.py",
        "hashed_secret": "e5e9fa1ba31ecd1ae84f75caaa474f3a663f05f4",
        "is_verified": false,
        "line_number": 420,
        "is_secret": false
      }
    ],
    "plugins/floe-catalog-polaris/tests/unit/test_credentials.py": [
      {
        "type": "Secret Keyword",
        "filename": "plugins/floe-catalog-polaris/tests/unit/test_credentials.py",
        "hashed_secret": "fe1bae27cb7c1fb823f496f286e78f1d2ae87734",
        "is_verified": false,
        "line_number": 50,
        "is_secret": false
      },
      {
        "type": "Secret Keyword",
        "filename": "plugins/floe-catalog-polaris/tests/unit/test_credentials.py",
        "hashed_secret": "87aa5d39382d08a9bfb33e9d1d8dda6bd7f05d4e",
        "is_verified": false,
        "line_number": 86,
        "is_secret": false
      },
      {
        "type": "Secret Keyword",
        "filename": "plugins/floe-catalog-polaris/tests/unit/test_credentials.py",
        "hashed_secret": "c7ba5f61c53652568850766d838275510fac667c",
        "is_verified": false,
        "line_number": 301,
        "is_secret": false
      }
    ],
    "plugins/floe-catalog-polaris/tests/unit/test_credentials_helper.py": [
      {
        "type": "Secret Keyword",
        "filename": "plugins/floe-catalog-polaris/tests/unit/test_credentials_helper.py",
        "hashed_secret": "9afd78b2dd51c3fa87b8fd671e906a7cd20e630a",
        "is_verified": false,
        "line_number": 53,
        "is_secret": false
      },
      {
        "type": "Secret Keyword",
        "filename": "plugins/floe-catalog-polaris/tests/unit/test_credentials_helper.py",
        "hashed_secret": "714a13f7d8d5bfb79725e60ff0f68f663cdb7a45",
        "is_verified": false,
        "line_number": 227,
        "is_secret": false
      }
    ],
    "plugins/floe-catalog-polaris/tests/unit/test_errors.py": [
      {
        "type": "Secret Keyword",
        "filename": "plugins/floe-catalog-polaris/tests/unit/test_errors.py",
        "hashed_secret": "fe1bae27cb7c1fb823f496f286e78f1d2ae87734",
        "is_verified": false,
        "line_number": 362,
        "is_secret": false
      }
    ],
    "plugins/floe-catalog-polaris/tests/unit/test_health.py": [
      {
        "type": "Secret Keyword",
        "filename": "plugins/floe-catalog-polaris/tests/unit/test_health.py",
        "hashed_secret": "fe1bae27cb7c1fb823f496f286e78f1d2ae87734",
        "is_verified": false,
        "line_number": 92,
        "is_secret": false
      }
    ],
    "plugins/floe-catalog-polaris/tests/unit/test_namespace.py": [
      {
        "type": "Secret Keyword",
        "filename": "plugins/floe-catalog-polaris/tests/unit/test_namespace.py",
        "hashed_secret": "fe1bae27cb7c1fb823f496f286e78f1d2ae87734",
        "is_verified": false,
        "line_number": 37,
        "is_secret": false
      }
    ],
    "plugins/floe-catalog-polaris/tests/unit/test_plugin.py": [
      {
        "type": "Secret Keyword",
        "filename": "plugins/floe-catalog-polaris/tests/unit/test_plugin.py",
        "hashed_secret": "fe1bae27cb7c1fb823f496f286e78f1d2ae87734",
        "is_verified": false,
        "line_number": 33,
        "is_secret": false
      }
    ],
    "plugins/floe-catalog-polaris/tests/unit/test_retry.py": [
      {
        "type": "Secret Keyword",
        "filename": "plugins/floe-catalog-polaris/tests/unit/test_retry.py",
        "hashed_secret": "fe1bae27cb7c1fb823f496f286e78f1d2ae87734",
        "is_verified": false,
        "line_number": 251,
        "is_secret": false
      }
    ],
    "plugins/floe-catalog-polaris/tests/unit/test_tables.py": [
      {
        "type": "Secret Keyword",
        "filename": "plugins/floe-catalog-polaris/tests/unit/test_tables.py",
        "hashed_secret": "fe1bae27cb7c1fb823f496f286e78f1d2ae87734",
        "is_verified": false,
        "line_number": 37,
        "is_secret": false
      }
    ],
    "plugins/floe-identity-keycloak/src/floe_identity_keycloak/plugin.py": [
      {
        "type": "Secret Keyword",
        "filename": "plugins/floe-identity-keycloak/src/floe_identity_keycloak/plugin.py",
        "hashed_secret": "9d4e1e23bd5b727046a9e3b4b7db57bd8d6ee684",
        "is_verified": false,
        "line_number": 455,
        "is_secret": false
      },
      {
        "type": "Secret Keyword",
        "filename": "plugins/floe-identity-keycloak/src/floe_identity_keycloak/plugin.py",
        "hashed_secret": "6f87bd8c6cef6ff54346f0347d42a38714346a8f",
        "is_verified": false,
        "line_number": 458,
        "is_secret": false
      }
    ],
    "plugins/floe-identity-keycloak/tests/conftest.py": [
      {
        "type": "Secret Keyword",
        "filename": "plugins/floe-identity-keycloak/tests/conftest.py",
        "hashed_secret": "f72b2c3026c3aaf509f20d447a471894a1e5d3af",
        "is_verified": false,
        "line_number": 27,
        "is_secret": false
      },
      {
        "type": "Secret Keyword",
        "filename": "plugins/floe-identity-keycloak/tests/conftest.py",
        "hashed_secret": "ca47cf8f1b697d554bc74de99d47693d82d8d709",
        "is_verified": false,
        "line_number": 29,
        "is_secret": false
      },
      {
        "type": "Secret Keyword",
        "filename": "plugins/floe-identity-keycloak/tests/conftest.py",
        "hashed_secret": "fe1bae27cb7c1fb823f496f286e78f1d2ae87734",
        "is_verified": false,
        "line_number": 35,
        "is_secret": false
      }
    ],
    "plugins/floe-identity-keycloak/tests/integration/test_keycloak.py": [
      {
        "type": "Secret Keyword",
        "filename": "plugins/floe-identity-keycloak/tests/integration/test_keycloak.py",
        "hashed_secret": "f72b2c3026c3aaf509f20d447a471894a1e5d3af",
        "is_verified": false,
        "line_number": 28,
        "is_secret": false
      },
      {
        "type": "Secret Keyword",
        "filename": "plugins/floe-identity-keycloak/tests/integration/test_keycloak.py",
        "hashed_secret": "ca47cf8f1b697d554bc74de99d47693d82d8d709",
        "is_verified": false,
        "line_number": 30,
        "is_secret": false
      },
      {
        "type": "Secret Keyword",
        "filename": "plugins/floe-identity-keycloak/tests/integration/test_keycloak.py",
        "hashed_secret": "dbf423ffd1b03e4590dd20465277c319c8950868",
        "is_verified": false,
        "line_number": 152,
        "is_secret": false
      }
    ],
    "plugins/floe-identity-keycloak/tests/unit/test_config.py": [
      {
        "type": "Secret Keyword",
        "filename": "plugins/floe-identity-keycloak/tests/unit/test_config.py",
        "hashed_secret": "120340c3d011e9621b9bb88b5884221b25251b88",
        "is_verified": false,
        "line_number": 350,
        "is_secret": false
      }
    ],
    "plugins/floe-identity-keycloak/tests/unit/test_multi_tenancy.py": [
      {
        "type": "Secret Keyword",
        "filename": "plugins/floe-identity-keycloak/tests/unit/test_multi_tenancy.py",
        "hashed_secret": "6f87bd8c6cef6ff54346f0347d42a38714346a8f",
        "is_verified": false,
        "line_number": 326,
        "is_secret": false
      }
    ],
    "plugins/floe-identity-keycloak/tests/unit/test_token_validation.py": [
      {
        "type": "Private Key",
        "filename": "plugins/floe-identity-keycloak/tests/unit/test_token_validation.py",
        "hashed_secret": "be4fc4886bd949b369d5e092eb87494f12e57e5b",
        "is_verified": false,
        "line_number": 21,
        "is_secret": false
      },
      {
        "type": "Base64 High Entropy String",
        "filename": "plugins/floe-identity-keycloak/tests/unit/test_token_validation.py",
        "hashed_secret": "d3b4f264bebe56c44c8fbd75fe538a72c98fe950",
        "is_verified": false,
        "line_number": 80,
        "is_secret": false
      },
      {
        "type": "Base64 High Entropy String",
        "filename": "plugins/floe-identity-keycloak/tests/unit/test_token_validation.py",
        "hashed_secret": "3479c88c76f713ef1bfc03eadef0d76be9bf6657",
        "is_verified": false,
        "line_number": 81,
        "is_secret": false
      },
      {
        "type": "Base64 High Entropy String",
        "filename": "plugins/floe-identity-keycloak/tests/unit/test_token_validation.py",
        "hashed_secret": "cf48a024433d9bb6de1485820a50ab20a0469888",
        "is_verified": false,
        "line_number": 82,
        "is_secret": false
      },
      {
        "type": "Base64 High Entropy String",
        "filename": "plugins/floe-identity-keycloak/tests/unit/test_token_validation.py",
        "hashed_secret": "465b0fc93b3e7cdf920169c2c7cff04988de4e3b",
        "is_verified": false,
        "line_number": 83,
        "is_secret": false
      },
      {
        "type": "Base64 High Entropy String",
        "filename": "plugins/floe-identity-keycloak/tests/unit/test_token_validation.py",
        "hashed_secret": "e94c4103947faa415fbd48e032d2814c2de17709",
        "is_verified": false,
        "line_number": 84,
        "is_secret": false
      },
      {
        "type": "Base64 High Entropy String",
        "filename": "plugins/floe-identity-keycloak/tests/unit/test_token_validation.py",
        "hashed_secret": "e87659b67130043ea83d99111d059a281ceac9f9",
        "is_verified": false,
        "line_number": 85,
        "is_secret": false
      }
    ],
    "plugins/floe-lineage-marquez/tests/unit/test_tracing.py": [
      {
        "type": "Basic Auth Credentials",
        "filename": "plugins/floe-lineage-marquez/tests/unit/test_tracing.py",
        "hashed_secret": "6af3c121ed4a752936c297cddfb7b00394eabf10",
        "is_verified": false,
        "line_number": 237,
        "is_secret": false
      }
    ],
    "plugins/floe-orchestrator-dagster/tests/unit/test_semantic_resources.py": [
      {
        "type": "Secret Keyword",
        "filename": "plugins/floe-orchestrator-dagster/tests/unit/test_semantic_resources.py",
        "hashed_secret": "a94a8fe5ccb19ba61c4c0873d391e987982fbbd3",
        "is_verified": false,
        "line_number": 40,
        "is_secret": false
      }
    ],
    "plugins/floe-orchestrator-dagster/tests/unit/test_semantic_wiring_unit.py": [
      {
        "type": "Secret Keyword",
        "filename": "plugins/floe-orchestrator-dagster/tests/unit/test_semantic_wiring_unit.py",
        "hashed_secret": "fe1bae27cb7c1fb823f496f286e78f1d2ae87734",
        "is_verified": false,
        "line_number": 90,
        "is_secret": false
      }
    ],
    "plugins/floe-secrets-infisical/pyproject.toml": [
      {
        "type": "Secret Keyword",
        "filename": "plugins/floe-secrets-infisical/pyproject.toml",
        "hashed_secret": "da3e805aea7ec141d702b806b7907dcea03da733",
        "is_verified": false,
        "line_number": 41,
        "is_secret": false
      }
    ],
    "plugins/floe-secrets-infisical/src/floe_secrets_infisical/config.py": [
      {
        "type": "Hex High Entropy String",
        "filename": "plugins/floe-secrets-infisical/src/floe_secrets_infisical/config.py",
        "hashed_secret": "22343545c8558c061c45f91a9643186e3d9f3bd3",
        "is_verified": false,
        "line_number": 124,
        "is_secret": false
      }
    ],
    "plugins/floe-secrets-infisical/src/floe_secrets_infisical/errors.py": [
      {
        "type": "Secret Keyword",
        "filename": "plugins/floe-secrets-infisical/src/floe_secrets_infisical/errors.py",
        "hashed_secret": "7875cece6721a517e5a07b61ef98a98dc7f9f329",
        "is_verified": false,
        "line_number": 133,
        "is_secret": false
      }
    ],
    "plugins/floe-secrets-infisical/tests/conftest.py": [
      {
        "type": "Secret Keyword",
        "filename": "plugins/floe-secrets-infisical/tests/conftest.py",
        "hashed_secret": "4d2818aee8db2f1f6286f67f294d0b2dd7bac362",
        "is_verified": false,
        "line_number": 20,
        "is_secret": false
      }
    ],
    "plugins/floe-secrets-infisical/tests/integration/conftest.py": [
      {
        "type": "Secret Keyword",
        "filename": "plugins/floe-secrets-infisical/tests/integration/conftest.py",
        "hashed_secret": "4d2818aee8db2f1f6286f67f294d0b2dd7bac362",
        "is_verified": false,
        "line_number": 41,
        "is_secret": false
      }
    ],
    "plugins/floe-secrets-infisical/tests/unit/conftest.py": [
      {
        "type": "Secret Keyword",
        "filename": "plugins/floe-secrets-infisical/tests/unit/conftest.py",
        "hashed_secret": "c47d8e96eae755868a66c3a8283e4f0f2cae24b1",
        "is_verified": false,
        "line_number": 97,
        "is_secret": false
      },
      {
        "type": "Secret Keyword",
        "filename": "plugins/floe-secrets-infisical/tests/unit/conftest.py",
        "hashed_secret": "d4e0e04792fd434b5dc9c4155c178f66edcf4ed3",
        "is_verified": false,
        "line_number": 98,
        "is_secret": false
      }
    ],
    "plugins/floe-secrets-infisical/tests/unit/test_config.py": [
      {
        "type": "Secret Keyword",
        "filename": "plugins/floe-secrets-infisical/tests/unit/test_config.py",
        "hashed_secret": "3eba238b0808c8586fc3eb811693414f6eeb6b4c",
        "is_verified": false,
        "line_number": 287,
        "is_secret": false
      },
      {
        "type": "Secret Keyword",
        "filename": "plugins/floe-secrets-infisical/tests/unit/test_config.py",
        "hashed_secret": "c6074a378f5827b9b90f58db5f32dc5530179aef",
        "is_verified": false,
        "line_number": 336,
        "is_secret": false
      }
    ],
    "plugins/floe-secrets-infisical/tests/unit/test_errors.py": [
      {
        "type": "Secret Keyword",
        "filename": "plugins/floe-secrets-infisical/tests/unit/test_errors.py",
        "hashed_secret": "7875cece6721a517e5a07b61ef98a98dc7f9f329",
        "is_verified": false,
        "line_number": 79,
        "is_secret": false
      },
      {
        "type": "Secret Keyword",
        "filename": "plugins/floe-secrets-infisical/tests/unit/test_errors.py",
        "hashed_secret": "6421dfe5510d328b2b2f39dd2d4c302da2980f8e",
        "is_verified": false,
        "line_number": 105,
        "is_secret": false
      }
    ],
    "plugins/floe-secrets-infisical/tests/unit/test_plugin.py": [
      {
        "type": "Secret Keyword",
        "filename": "plugins/floe-secrets-infisical/tests/unit/test_plugin.py",
        "hashed_secret": "02c173fc064db3d5d36ffbea6e3d09a6ca93ae45",
        "is_verified": false,
        "line_number": 124,
        "is_secret": false
      },
      {
        "type": "Secret Keyword",
        "filename": "plugins/floe-secrets-infisical/tests/unit/test_plugin.py",
        "hashed_secret": "733eb77695ec40fb19c141c752066383d09b356a",
        "is_verified": false,
        "line_number": 154,
        "is_secret": false
      },
      {
        "type": "Secret Keyword",
        "filename": "plugins/floe-secrets-infisical/tests/unit/test_plugin.py",
        "hashed_secret": "98891fc9dbc4d7280cdce028669844d1942a5469",
        "is_verified": false,
        "line_number": 216,
        "is_secret": false
      },
      {
        "type": "Secret Keyword",
        "filename": "plugins/floe-secrets-infisical/tests/unit/test_plugin.py",
        "hashed_secret": "7875cece6721a517e5a07b61ef98a98dc7f9f329",
        "is_verified": false,
        "line_number": 268,
        "is_secret": false
      },
      {
        "type": "Secret Keyword",
        "filename": "plugins/floe-secrets-infisical/tests/unit/test_plugin.py",
        "hashed_secret": "505032eaf8a3acf9b094a326dfb1cd0537c75a0d",
        "is_verified": false,
        "line_number": 269,
        "is_secret": false
      },
      {
        "type": "Secret Keyword",
        "filename": "plugins/floe-secrets-infisical/tests/unit/test_plugin.py",
        "hashed_secret": "b83efb89100a5f11b5cb4418471326f6c5b669c7",
        "is_verified": false,
        "line_number": 270,
        "is_secret": false
      },
      {
        "type": "Secret Keyword",
        "filename": "plugins/floe-secrets-infisical/tests/unit/test_plugin.py",
        "hashed_secret": "4381bf3c3828e9a4a5362361c467bc909dc4e7b4",
        "is_verified": false,
        "line_number": 291,
        "is_secret": false
      },
      {
        "type": "Secret Keyword",
        "filename": "plugins/floe-secrets-infisical/tests/unit/test_plugin.py",
        "hashed_secret": "325778ab9d49a6df7bc13a83563bec2de2a84c95",
        "is_verified": false,
        "line_number": 322,
        "is_secret": false
      },
      {
        "type": "Secret Keyword",
        "filename": "plugins/floe-secrets-infisical/tests/unit/test_plugin.py",
        "hashed_secret": "f32b67c7e26342af42efabc674d441dca0a281c5",
        "is_verified": false,
        "line_number": 429,
        "is_secret": false
      }
    ],
    "plugins/floe-secrets-infisical/tests/unit/test_tracing.py": [
      {
        "type": "Secret Keyword",
        "filename": "plugins/floe-secrets-infisical/tests/unit/test_tracing.py",
        "hashed_secret": "61235daa4e4fa5f62ed707686f843eb4a63ac645",
        "is_verified": false,
        "line_number": 143,
        "is_secret": false
      }
    ],
    "plugins/floe-secrets-k8s/pyproject.toml": [
      {
        "type": "Secret Keyword",
        "filename": "plugins/floe-secrets-k8s/pyproject.toml",
        "hashed_secret": "68e2199fd2911d670b932f3f31b25aef08ebb893",
        "is_verified": false,
        "line_number": 40,
        "is_secret": false
      }
    ],
    "plugins/floe-secrets-k8s/tests/integration/test_k8s_secrets.py": [
      {
        "type": "Secret Keyword",
        "filename": "plugins/floe-secrets-k8s/tests/integration/test_k8s_secrets.py",
        "hashed_secret": "02c173fc064db3d5d36ffbea6e3d09a6ca93ae45",
        "is_verified": false,
        "line_number": 141,
        "is_secret": false
      },
      {
        "type": "Secret Keyword",
        "filename": "plugins/floe-secrets-k8s/tests/integration/test_k8s_secrets.py",
        "hashed_secret": "a3a8c7742b5962c136fd0f5caf9b9489ee17a4ca",
        "is_verified": false,
        "line_number": 223,
        "is_secret": false
      },
      {
        "type": "Secret Keyword",
        "filename": "plugins/floe-secrets-k8s/tests/integration/test_k8s_secrets.py",
        "hashed_secret": "e5e9fa1ba31ecd1ae84f75caaa474f3a663f05f4",
        "is_verified": false,
        "line_number": 337,
        "is_secret": false
      }
    ],
    "plugins/floe-secrets-k8s/tests/unit/test_config.py": [
      {
        "type": "Secret Keyword",
        "filename": "plugins/floe-secrets-k8s/tests/unit/test_config.py",
        "hashed_secret": "cc4e1c19060b44c111b93b2eada054e87d3aa607",
        "is_verified": false,
        "line_number": 52,
        "is_secret": false
      },
      {
        "type": "Secret Keyword",
        "filename": "plugins/floe-secrets-k8s/tests/unit/test_config.py",
        "hashed_secret": "24b7518a989ab0638d472173635b7eed36cc5c36",
        "is_verified": false,
        "line_number": 177,
        "is_secret": false
      }
    ],
    "plugins/floe-secrets-k8s/tests/unit/test_env_injection.py": [
      {
        "type": "Secret Keyword",
        "filename": "plugins/floe-secrets-k8s/tests/unit/test_env_injection.py",
        "hashed_secret": "c3118dd8fe9eefa82a86580e9f849f080cdb4deb",
        "is_verified": false,
        "line_number": 54,
        "is_secret": false
      }
    ],
    "plugins/floe-secrets-k8s/tests/unit/test_errors.py": [
      {
        "type": "Secret Keyword",
        "filename": "plugins/floe-secrets-k8s/tests/unit/test_errors.py",
        "hashed_secret": "7875cece6721a517e5a07b61ef98a98dc7f9f329",
        "is_verified": false,
        "line_number": 48,
        "is_secret": false
      },
      {
        "type": "Secret Keyword",
        "filename": "plugins/floe-secrets-k8s/tests/unit/test_errors.py",
        "hashed_secret": "6421dfe5510d328b2b2f39dd2d4c302da2980f8e",
        "is_verified": false,
        "line_number": 80,
        "is_secret": false
      }
    ],
    "plugins/floe-secrets-k8s/tests/unit/test_plugin.py": [
      {
        "type": "Secret Keyword",
        "filename": "plugins/floe-secrets-k8s/tests/unit/test_plugin.py",
        "hashed_secret": "02c173fc064db3d5d36ffbea6e3d09a6ca93ae45",
        "is_verified": false,
        "line_number": 207,
        "is_secret": false
      },
      {
        "type": "Secret Keyword",
        "filename": "plugins/floe-secrets-k8s/tests/unit/test_plugin.py",
        "hashed_secret": "cbfdac6008f9cab4083784cbd1874f76618d2a97",
        "is_verified": false,
        "line_number": 221,
        "is_secret": false
      },
      {
        "type": "Secret Keyword",
        "filename": "plugins/floe-secrets-k8s/tests/unit/test_plugin.py",
        "hashed_secret": "a5645bb67778c147a3b366da521477d254f5c4e8",
        "is_verified": false,
        "line_number": 391,
        "is_secret": false
      },
      {
        "type": "Secret Keyword",
        "filename": "plugins/floe-secrets-k8s/tests/unit/test_plugin.py",
        "hashed_secret": "f32b67c7e26342af42efabc674d441dca0a281c5",
        "is_verified": false,
        "line_number": 409,
        "is_secret": false
      },
      {
        "type": "Secret Keyword",
        "filename": "plugins/floe-secrets-k8s/tests/unit/test_plugin.py",
        "hashed_secret": "f2b14f68eb995facb3a1c35287b778d5bd785511",
        "is_verified": false,
        "line_number": 477,
        "is_secret": false
      }
    ],
    "plugins/floe-semantic-cube/src/floe_semantic_cube/config.py": [
      {
        "type": "Secret Keyword",
        "filename": "plugins/floe-semantic-cube/src/floe_semantic_cube/config.py",
        "hashed_secret": "01c92a77244f5e8e3b1e566c4a9266e724de6d98",
        "is_verified": false,
        "line_number": 44,
        "is_secret": false
      }
    ],
    "plugins/floe-semantic-cube/src/floe_semantic_cube/tracing.py": [
      {
        "type": "Basic Auth Credentials",
        "filename": "plugins/floe-semantic-cube/src/floe_semantic_cube/tracing.py",
        "hashed_secret": "9d4e1e23bd5b727046a9e3b4b7db57bd8d6ee684",
        "is_verified": false,
        "line_number": 137,
        "is_secret": false
      }
    ],
    "plugins/floe-semantic-cube/tests/integration/test_discovery.py": [
      {
        "type": "Secret Keyword",
        "filename": "plugins/floe-semantic-cube/tests/integration/test_discovery.py",
        "hashed_secret": "fe1bae27cb7c1fb823f496f286e78f1d2ae87734",
        "is_verified": false,
        "line_number": 48,
        "is_secret": false
      }
    ],
    "plugins/floe-semantic-cube/tests/integration/test_health_check.py": [
      {
        "type": "Secret Keyword",
        "filename": "plugins/floe-semantic-cube/tests/integration/test_health_check.py",
        "hashed_secret": "fe1bae27cb7c1fb823f496f286e78f1d2ae87734",
        "is_verified": false,
        "line_number": 54,
        "is_secret": false
      }
    ],
    "plugins/floe-semantic-cube/tests/unit/test_config.py": [
      {
        "type": "Secret Keyword",
        "filename": "plugins/floe-semantic-cube/tests/unit/test_config.py",
        "hashed_secret": "5c5a15a8b0b3e154d77746945e563ba40100681b",
        "is_verified": false,
        "line_number": 43,
        "is_secret": false
      },
      {
        "type": "Secret Keyword",
        "filename": "plugins/floe-semantic-cube/tests/unit/test_config.py",
        "hashed_secret": "fe1bae27cb7c1fb823f496f286e78f1d2ae87734",
        "is_verified": false,
        "line_number": 73,
        "is_secret": false
      },
      {
        "type": "Secret Keyword",
        "filename": "plugins/floe-semantic-cube/tests/unit/test_config.py",
        "hashed_secret": "a94a8fe5ccb19ba61c4c0873d391e987982fbbd3",
        "is_verified": false,
        "line_number": 116,
        "is_secret": false
      }
    ],
    "plugins/floe-semantic-cube/tests/unit/test_plugin.py": [
      {
        "type": "Secret Keyword",
        "filename": "plugins/floe-semantic-cube/tests/unit/test_plugin.py",
        "hashed_secret": "fe1bae27cb7c1fb823f496f286e78f1d2ae87734",
        "is_verified": false,
        "line_number": 32,
        "is_secret": false
      },
      {
        "type": "Secret Keyword",
        "filename": "plugins/floe-semantic-cube/tests/unit/test_plugin.py",
        "hashed_secret": "e5e9fa1ba31ecd1ae84f75caaa474f3a663f05f4",
        "is_verified": false,
        "line_number": 124,
        "is_secret": false
      }
    ],
    "plugins/floe-semantic-cube/tests/unit/test_tracing.py": [
      {
        "type": "Basic Auth Credentials",
        "filename": "plugins/floe-semantic-cube/tests/unit/test_tracing.py",
        "hashed_secret": "e5e9fa1ba31ecd1ae84f75caaa474f3a663f05f4",
        "is_verified": false,
        "line_number": 181,
        "is_secret": false
      },
      {
        "type": "Basic Auth Credentials",
        "filename": "plugins/floe-semantic-cube/tests/unit/test_tracing.py",
        "hashed_secret": "5baa61e4c9b93f3f0682250b6cf8331b7ee68fd8",
        "is_verified": false,
        "line_number": 250,
        "is_secret": false
      },
      {
        "type": "Basic Auth Credentials",
        "filename": "plugins/floe-semantic-cube/tests/unit/test_tracing.py",
        "hashed_secret": "9d4e1e23bd5b727046a9e3b4b7db57bd8d6ee684",
        "is_verified": false,
        "line_number": 275,
        "is_secret": false
      }
    ],
    "specs/001-catalog-plugin/quickstart.md": [
      {
        "type": "Secret Keyword",
        "filename": "specs/001-catalog-plugin/quickstart.md",
        "hashed_secret": "c303df00cd0a72b21c62900b758b06fc541664ce",
        "is_verified": false,
        "line_number": 205,
        "is_secret": false
      }
    ],
    "specs/1-plugin-registry/contracts/plugin-registry-api.md": [
      {
        "type": "Secret Keyword",
        "filename": "specs/1-plugin-registry/contracts/plugin-registry-api.md",
        "hashed_secret": "e0448ae6bf5fca0e25ec0a12bdb72f53aab455fe",
        "is_verified": false,
        "line_number": 345,
        "is_secret": false
      }
    ],
    "specs/10a-agent-memory/contracts/config-schema.yaml": [
      {
        "type": "Secret Keyword",
        "filename": "specs/10a-agent-memory/contracts/config-schema.yaml",
        "hashed_secret": "d4dad004c16e4efd917b1e8437489ec2143ec1b9",
        "is_verified": false,
        "line_number": 135,
        "is_secret": false
      },
      {
        "type": "Secret Keyword",
        "filename": "specs/10a-agent-memory/contracts/config-schema.yaml",
        "hashed_secret": "02ecb94373bfb3dfe827ca18409f50b016e8302a",
        "is_verified": false,
        "line_number": 139,
        "is_secret": false
      }
    ],
    "specs/10a-agent-memory/quickstart.md": [
      {
        "type": "Secret Keyword",
        "filename": "specs/10a-agent-memory/quickstart.md",
        "hashed_secret": "e945d78be5261ef0e6cc049d5e7481447259e079",
        "is_verified": false,
        "line_number": 29,
        "is_secret": false
      },
      {
        "type": "Secret Keyword",
        "filename": "specs/10a-agent-memory/quickstart.md",
        "hashed_secret": "1d3b1295c282649864a65fe3bd1631bcf7499ef5",
        "is_verified": false,
        "line_number": 30,
        "is_secret": false
      },
      {
        "type": "Secret Keyword",
        "filename": "specs/10a-agent-memory/quickstart.md",
        "hashed_secret": "d4dad004c16e4efd917b1e8437489ec2143ec1b9",
        "is_verified": false,
        "line_number": 67,
        "is_secret": false
      },
      {
        "type": "Secret Keyword",
        "filename": "specs/10a-agent-memory/quickstart.md",
        "hashed_secret": "02ecb94373bfb3dfe827ca18409f50b016e8302a",
        "is_verified": false,
        "line_number": 72,
        "is_secret": false
      }
    ],
    "specs/2a-manifest-schema/contracts/manifest.schema.json": [
      {
        "type": "Secret Keyword",
        "filename": "specs/2a-manifest-schema/contracts/manifest.schema.json",
        "hashed_secret": "9aa8331888ecfb20b4178d0047f6fa2e17569f8f",
        "is_verified": false,
        "line_number": 163,
        "is_secret": false
      }
    ],
    "specs/2a-manifest-schema/data-model.md": [
      {
        "type": "Secret Keyword",
        "filename": "specs/2a-manifest-schema/data-model.md",
        "hashed_secret": "4d26b34fa28f6e91a191c88ba3d4e1419d68fdc1",
        "is_verified": false,
        "line_number": 106,
        "is_secret": false
      }
    ],
    "specs/2a-manifest-schema/quickstart.md": [
      {
        "type": "Secret Keyword",
        "filename": "specs/2a-manifest-schema/quickstart.md",
        "hashed_secret": "9aa8331888ecfb20b4178d0047f6fa2e17569f8f",
        "is_verified": false,
        "line_number": 429,
        "is_secret": false
      }
    ],
    "specs/2b-compilation-pipeline/contracts/compiled-artifacts.json": [
      {
        "type": "Hex High Entropy String",
        "filename": "specs/2b-compilation-pipeline/contracts/compiled-artifacts.json",
        "hashed_secret": "a3d2709ddb4695bf7c836222de3fcdba279a129c",
        "is_verified": false,
        "line_number": 331,
        "is_secret": false
      }
    ],
    "specs/4e-semantic-layer/plan.md": [
      {
        "type": "Secret Keyword",
        "filename": "specs/4e-semantic-layer/plan.md",
        "hashed_secret": "09900c49cefa918c3a5961dbbb551a022d130dc8",
        "is_verified": false,
        "line_number": 49,
        "is_secret": false
      }
    ],
    "specs/6c-otel-code-instrumentation/plan.md": [
      {
        "type": "Basic Auth Credentials",
        "filename": "specs/6c-otel-code-instrumentation/plan.md",
        "hashed_secret": "9d4e1e23bd5b727046a9e3b4b7db57bd8d6ee684",
        "is_verified": false,
        "line_number": 107,
        "is_secret": false
      }
    ],
    "specs/6c-otel-code-instrumentation/spec.md": [
      {
        "type": "Basic Auth Credentials",
        "filename": "specs/6c-otel-code-instrumentation/spec.md",
        "hashed_secret": "5baa61e4c9b93f3f0682250b6cf8331b7ee68fd8",
        "is_verified": false,
        "line_number": 137,
        "is_secret": false
      },
      {
        "type": "Basic Auth Credentials",
        "filename": "specs/6c-otel-code-instrumentation/spec.md",
        "hashed_secret": "9d4e1e23bd5b727046a9e3b4b7db57bd8d6ee684",
        "is_verified": false,
        "line_number": 199,
        "is_secret": false
      }
    ],
    "specs/7a-identity-secrets/data-model.md": [
      {
        "type": "Secret Keyword",
        "filename": "specs/7a-identity-secrets/data-model.md",
        "hashed_secret": "4d26b34fa28f6e91a191c88ba3d4e1419d68fdc1",
        "is_verified": false,
        "line_number": 27,
        "is_secret": false
      }
    ],
    "specs/7a-identity-secrets/quickstart.md": [
      {
        "type": "Secret Keyword",
        "filename": "specs/7a-identity-secrets/quickstart.md",
        "hashed_secret": "998c8abc0a1db80b888876d95d668e1dcac06d07",
        "is_verified": false,
        "line_number": 382,
        "is_secret": false
      },
      {
        "type": "Secret Keyword",
        "filename": "specs/7a-identity-secrets/quickstart.md",
        "hashed_secret": "e07996e2734ab51ee0c1ff5f95feedca0adcaf93",
        "is_verified": false,
        "line_number": 581,
        "is_secret": false
      }
    ],
    "specs/7b-k8s-rbac/spec.md": [
      {
        "type": "Secret Keyword",
        "filename": "specs/7b-k8s-rbac/spec.md",
        "hashed_secret": "4a3cd512db095effe6158d55957e65abf7b1c8b5",
        "is_verified": false,
        "line_number": 189,
        "is_secret": false
      }
    ],
    "specs/9b-helm-deployment/research.md": [
      {
        "type": "Secret Keyword",
        "filename": "specs/9b-helm-deployment/research.md",
        "hashed_secret": "c2dc42d9bccecb63301ca2c79667d47f5b16f326",
        "is_verified": false,
        "line_number": 156,
        "is_secret": false
      },
      {
        "type": "Secret Keyword",
        "filename": "specs/9b-helm-deployment/research.md",
        "hashed_secret": "aa53a470334d502be702fbae9f4ee1f2d56d3829",
        "is_verified": false,
        "line_number": 169,
        "is_secret": false
      }
    ],
    "testing/base_classes/base_identity_plugin_tests.py": [
      {
        "type": "Secret Keyword",
        "filename": "testing/base_classes/base_identity_plugin_tests.py",
        "hashed_secret": "81f344a7686a80b4c5293e8fdc0b0160c82c06a8",
        "is_verified": false,
        "line_number": 157,
        "is_secret": false
      }
    ],
    "testing/base_classes/test_base_catalog_plugin_tests.py": [
      {
        "type": "Secret Keyword",
        "filename": "testing/base_classes/test_base_catalog_plugin_tests.py",
        "hashed_secret": "475e81e79c7880f9b5caa35bec50279c459ad2f9",
        "is_verified": false,
        "line_number": 93,
        "is_secret": false
      }
    ],
    "testing/fixtures/golden/cli_rbac/compare_values_different.json": [
      {
        "type": "Hex High Entropy String",
        "filename": "testing/fixtures/golden/cli_rbac/compare_values_different.json",
        "hashed_secret": "cb1db357e4e7d656344217196096706ced6bdd7e",
        "is_verified": false,
        "line_number": 5,
        "is_secret": false
      }
    ],
    "testing/fixtures/golden/cli_rbac/compare_values_identical.json": [
      {
        "type": "Hex High Entropy String",
        "filename": "testing/fixtures/golden/cli_rbac/compare_values_identical.json",
        "hashed_secret": "1b2e193b4096512fbe9f5ecbee27ac1594922c6c",
        "is_verified": false,
        "line_number": 5,
        "is_secret": false
      }
    ],
    "testing/fixtures/golden/cli_rbac/rbac_diff_empty_actual.json": [
      {
        "type": "Hex High Entropy String",
        "filename": "testing/fixtures/golden/cli_rbac/rbac_diff_empty_actual.json",
        "hashed_secret": "710e0edda2b8eed717fa365e85fdb168e37efffe",
        "is_verified": false,
        "line_number": 5,
        "is_secret": false
      }
    ],
    "testing/fixtures/golden/cli_rbac/rbac_diff_full_scenario.json": [
      {
        "type": "Hex High Entropy String",
        "filename": "testing/fixtures/golden/cli_rbac/rbac_diff_full_scenario.json",
        "hashed_secret": "e6bc8d48bea3135090bc3ae9de13f80cd54a6236",
        "is_verified": false,
        "line_number": 5,
        "is_secret": false
      }
    ],
    "testing/fixtures/golden/cli_rbac/rbac_diff_no_differences.json": [
      {
        "type": "Hex High Entropy String",
        "filename": "testing/fixtures/golden/cli_rbac/rbac_diff_no_differences.json",
        "hashed_secret": "4fb215bbe13a49b8e2f1c4fca363d864947d82ae",
        "is_verified": false,
        "line_number": 5,
        "is_secret": false
      }
    ],
    "testing/fixtures/golden/cli_rbac/resource_diff_modified.json": [
      {
        "type": "Hex High Entropy String",
        "filename": "testing/fixtures/golden/cli_rbac/resource_diff_modified.json",
        "hashed_secret": "7ff8c4b584ef0a5f4b98fff186a5f03d9db7221a",
        "is_verified": false,
        "line_number": 5,
        "is_secret": false
      }
    ],
    "testing/fixtures/golden/cli_rbac/resource_diff_removed.json": [
      {
        "type": "Hex High Entropy String",
        "filename": "testing/fixtures/golden/cli_rbac/resource_diff_removed.json",
        "hashed_secret": "309396bbc91e411730708a32a1fc5a2de0a61fbc",
        "is_verified": false,
        "line_number": 5,
        "is_secret": false
      }
    ],
    "testing/fixtures/golden/cli_rbac/resource_diff_unchanged.json": [
      {
        "type": "Hex High Entropy String",
        "filename": "testing/fixtures/golden/cli_rbac/resource_diff_unchanged.json",
        "hashed_secret": "ca7f82d19a881e82f0627e42caf6992ad8ee4458",
        "is_verified": false,
        "line_number": 5,
        "is_secret": false
      }
    ],
    "testing/fixtures/golden/oci_pull/build_target_ref.json": [
      {
        "type": "Hex High Entropy String",
        "filename": "testing/fixtures/golden/oci_pull/build_target_ref.json",
        "hashed_secret": "39fe5bcb0028b1614413998e9dee6383ebd897a4",
        "is_verified": false,
        "line_number": 5,
        "is_secret": false
      }
    ],
    "testing/fixtures/golden/oci_pull/pull_artifact_metadata.json": [
      {
        "type": "Hex High Entropy String",
        "filename": "testing/fixtures/golden/oci_pull/pull_artifact_metadata.json",
        "hashed_secret": "233fdcced5dfc3c4bee1d95d9912cb3521e180e4",
        "is_verified": false,
        "line_number": 5,
        "is_secret": false
      }
    ],
    "testing/fixtures/golden/oci_pull/pull_observability.json": [
      {
        "type": "Hex High Entropy String",
        "filename": "testing/fixtures/golden/oci_pull/pull_observability.json",
        "hashed_secret": "1f4236daa06cb38cf522e0cb4fb3295828bd20ff",
        "is_verified": false,
        "line_number": 5,
        "is_secret": false
      }
    ],
    "testing/fixtures/golden/oci_pull/pull_plugins_config.json": [
      {
        "type": "Hex High Entropy String",
        "filename": "testing/fixtures/golden/oci_pull/pull_plugins_config.json",
        "hashed_secret": "37293cdd49cf70af411aa28a5f3f7687fdee6596",
        "is_verified": false,
        "line_number": 5,
        "is_secret": false
      }
    ],
    "testing/fixtures/golden/oci_pull/pull_success_artifact_structure.json": [
      {
        "type": "Hex High Entropy String",
        "filename": "testing/fixtures/golden/oci_pull/pull_success_artifact_structure.json",
        "hashed_secret": "0b7c9998c8a30f165c18134e58cf810e59676a50",
        "is_verified": false,
        "line_number": 5,
        "is_secret": false
      }
    ],
    "testing/fixtures/golden/oci_pull/tag_classification.json": [
      {
        "type": "Hex High Entropy String",
        "filename": "testing/fixtures/golden/oci_pull/tag_classification.json",
        "hashed_secret": "198aee2922bc4043d14f375565701f3fb96134cf",
        "is_verified": false,
        "line_number": 5,
        "is_secret": false
      }
    ],
    "testing/k8s/services/registry-auth.yaml": [
      {
        "type": "Secret Keyword",
        "filename": "testing/k8s/services/registry-auth.yaml",
        "hashed_secret": "1c58bd92003bbaa0538e249fff6ee19a270dec5f",
        "is_verified": false,
        "line_number": 10,
        "is_secret": false
      },
      {
        "type": "Secret Keyword",
        "filename": "testing/k8s/services/registry-auth.yaml",
        "hashed_secret": "04834a9d99c44f71ee5316d371f737e98e40fc57",
        "is_verified": false,
        "line_number": 23,
        "is_secret": false
      },
      {
        "type": "Secret Keyword",
        "filename": "testing/k8s/services/registry-auth.yaml",
        "hashed_secret": "5d3e06f71dde1d57054a3f72110a2e363d048341",
        "is_verified": false,
        "line_number": 114,
        "is_secret": false
      }
    ],
    "testing/tests/unit/test_catalog_fixtures.py": [
      {
        "type": "Secret Keyword",
        "filename": "testing/tests/unit/test_catalog_fixtures.py",
        "hashed_secret": "25b2c895b788aa4db8474d0fc8036f900e4d364a",
        "is_verified": false,
        "line_number": 283,
        "is_secret": false
      }
    ],
    "testing/tests/unit/test_minio_fixture.py": [
      {
        "type": "Secret Keyword",
        "filename": "testing/tests/unit/test_minio_fixture.py",
        "hashed_secret": "c45182ea11447de56072a908d1d8b802722a7a3a",
        "is_verified": false,
        "line_number": 85,
        "is_secret": false
      },
      {
        "type": "Secret Keyword",
        "filename": "testing/tests/unit/test_minio_fixture.py",
        "hashed_secret": "72cb70dbbafe97e5ea13ad88acd65d08389439b0",
        "is_verified": false,
        "line_number": 128,
        "is_secret": false
      }
    ],
    "testing/tests/unit/test_postgres_fixture.py": [
      {
        "type": "Secret Keyword",
        "filename": "testing/tests/unit/test_postgres_fixture.py",
        "hashed_secret": "c94d65f02a652d11c2e5c2e1ccf38dce5a076e1e",
        "is_verified": false,
        "line_number": 147,
        "is_secret": false
      }
    ],
    "tests/contract/fixtures/v1.0_manifest.json": [
      {
        "type": "Secret Keyword",
        "filename": "tests/contract/fixtures/v1.0_manifest.json",
        "hashed_secret": "c3118dd8fe9eefa82a86580e9f849f080cdb4deb",
        "is_verified": false,
        "line_number": 24,
        "is_secret": false
      }
    ],
    "tests/contract/test_catalog_plugin_abc.py": [
      {
        "type": "Secret Keyword",
        "filename": "tests/contract/test_catalog_plugin_abc.py",
        "hashed_secret": "475e81e79c7880f9b5caa35bec50279c459ad2f9",
        "is_verified": false,
        "line_number": 395,
        "is_secret": false
      }
    ],
    "tests/contract/test_core_to_polaris_contract.py": [
      {
        "type": "Secret Keyword",
        "filename": "tests/contract/test_core_to_polaris_contract.py",
        "hashed_secret": "fe1bae27cb7c1fb823f496f286e78f1d2ae87734",
        "is_verified": false,
        "line_number": 48,
        "is_secret": false
      }
    ],
    "tests/contract/test_floe_core_public_api.py": [
      {
        "type": "Secret Keyword",
        "filename": "tests/contract/test_floe_core_public_api.py",
        "hashed_secret": "e0448ae6bf5fca0e25ec0a12bdb72f53aab455fe",
        "is_verified": false,
        "line_number": 416,
        "is_secret": false
      }
    ],
    "tests/contract/test_manifest_schema.py": [
      {
        "type": "Secret Keyword",
        "filename": "tests/contract/test_manifest_schema.py",
        "hashed_secret": "996f426ada8b2fab1ac7d009984397652fd79cb5",
        "is_verified": false,
        "line_number": 141,
        "is_secret": false
      },
      {
        "type": "Secret Keyword",
        "filename": "tests/contract/test_manifest_schema.py",
        "hashed_secret": "c3118dd8fe9eefa82a86580e9f849f080cdb4deb",
        "is_verified": false,
        "line_number": 363,
        "is_secret": false
      }
    ],
    "tests/contract/test_polaris_plugin_compliance.py": [
      {
        "type": "Secret Keyword",
        "filename": "tests/contract/test_polaris_plugin_compliance.py",
        "hashed_secret": "fe1bae27cb7c1fb823f496f286e78f1d2ae87734",
        "is_verified": false,
        "line_number": 55,
        "is_secret": false
      }
    ],
    "tests/integration/helm/test_security_regression.py": [
      {
        "type": "Secret Keyword",
        "filename": "tests/integration/helm/test_security_regression.py",
        "hashed_secret": "33948887c0c4d9d8f2fd090e42f5da3536095295",
        "is_verified": false,
        "line_number": 283,
        "is_secret": false
      }
    ]
  },
  "generated_at": "2026-02-11T03:18:14Z"
}
